/Users/f0s03xp/Debias_VLMs/debias_env/lib/python3.9/site-packages/urllib3/__init__.py:35: NotOpenSSLWarning: urllib3 v2 only supports OpenSSL 1.1.1+, currently the 'ssl' module is compiled with 'LibreSSL 2.8.3'. See: https://github.com/urllib3/urllib3/issues/3020
  warnings.warn(
Loading cache: /Users/f0s03xp/Debias_VLMs/Phase0.8/a3_results/local_cache/base_probe_hs.npz
  N=900  L_total=37  D=2048

Running B=200 bootstrap draws, all layers each draw, shared resample index across layers ...
  draw 20/200  [138s elapsed, ETA 1239s]
  draw 40/200  [321s elapsed, ETA 1283s]
  draw 60/200  [570s elapsed, ETA 1331s]
  draw 80/200  [759s elapsed, ETA 1138s]
  draw 100/200  [935s elapsed, ETA 935s]
  draw 120/200  [1090s elapsed, ETA 727s]
  draw 140/200  [1223s elapsed, ETA 524s]
  draw 160/200  [1335s elapsed, ETA 334s]
  draw 180/200  [1451s elapsed, ETA 161s]
  draw 200/200  [1579s elapsed, ETA 0s]

=== Pair-wise per-draw separability: P(L_hi metric > L_lo metric) ===
  (B = 200, N comparable draws = min across pair)
  Regime 1 (mid)  = [5, 9, 13, 17, 21]
  Regime 2 (deep) = [25, 29, 33, 35]
  L5 < L25:  P(PC0 hi > lo) = 0.885   P(|cos| hi > lo) = 1.000
  L5 < L29:  P(PC0 hi > lo) = 0.735   P(|cos| hi > lo) = 1.000
  L5 < L33:  P(PC0 hi > lo) = 0.600   P(|cos| hi > lo) = 1.000
  L5 < L35:  P(PC0 hi > lo) = 0.290   P(|cos| hi > lo) = 1.000
  L9 < L25:  P(PC0 hi > lo) = 0.990   P(|cos| hi > lo) = 1.000
  L9 < L29:  P(PC0 hi > lo) = 0.965   P(|cos| hi > lo) = 1.000
  L9 < L33:  P(PC0 hi > lo) = 0.925   P(|cos| hi > lo) = 1.000
  L9 < L35:  P(PC0 hi > lo) = 0.690   P(|cos| hi > lo) = 1.000
  L13 < L25:  P(PC0 hi > lo) = 0.995   P(|cos| hi > lo) = 1.000
  L13 < L29:  P(PC0 hi > lo) = 0.990   P(|cos| hi > lo) = 1.000
  L13 < L33:  P(PC0 hi > lo) = 0.960   P(|cos| hi > lo) = 1.000
  L13 < L35:  P(PC0 hi > lo) = 0.780   P(|cos| hi > lo) = 1.000
  L17 < L25:  P(PC0 hi > lo) = 0.990   P(|cos| hi > lo) = 1.000
  L17 < L29:  P(PC0 hi > lo) = 0.985   P(|cos| hi > lo) = 1.000
  L17 < L33:  P(PC0 hi > lo) = 0.960   P(|cos| hi > lo) = 1.000
  L17 < L35:  P(PC0 hi > lo) = 0.805   P(|cos| hi > lo) = 1.000
  L21 < L25:  P(PC0 hi > lo) = 0.995   P(|cos| hi > lo) = 1.000
  L21 < L29:  P(PC0 hi > lo) = 0.995   P(|cos| hi > lo) = 1.000
  L21 < L33:  P(PC0 hi > lo) = 0.980   P(|cos| hi > lo) = 1.000
  L21 < L35:  P(PC0 hi > lo) = 0.885   P(|cos| hi > lo) = 1.000

Headline (paired-draw): P(L25 PC0 > L13 PC0) = 0.995
Headline (paired-draw): P(L25 |cos| > L13 |cos|) = 1.000

✅ wrote /Users/f0s03xp/Debias_VLMs/Phase0.8/a3_results/rank1_bias_geometry_bootstrap_full.json
