/Users/f0s03xp/Debias_VLMs/debias_env/lib/python3.9/site-packages/urllib3/__init__.py:35: NotOpenSSLWarning: urllib3 v2 only supports OpenSSL 1.1.1+, currently the 'ssl' module is compiled with 'LibreSSL 2.8.3'. See: https://github.com/urllib3/urllib3/issues/3020
  warnings.warn(
Loading cache: Phase0.8/a3_results/local_cache/sbbench9_probe_hs.npz
  N=751  L_total=37  D=2048

Running B=200 bootstrap draws, all layers each draw, shared resample index across layers ...
  n_axes = 9
  draw 20/200  [287s elapsed, ETA 2580s]
  draw 40/200  [500s elapsed, ETA 1999s]
  draw 60/200  [672s elapsed, ETA 1567s]
  draw 80/200  [869s elapsed, ETA 1303s]
  draw 100/200  [1087s elapsed, ETA 1087s]
  draw 120/200  [1256s elapsed, ETA 838s]
  draw 140/200  [1419s elapsed, ETA 608s]
  draw 160/200  [1579s elapsed, ETA 395s]
  draw 180/200  [1743s elapsed, ETA 194s]
  draw 200/200  [1898s elapsed, ETA 0s]

=== Pair-wise per-draw separability: P(L_hi metric > L_lo metric) ===
  (B = 200, N comparable draws = min across pair)
  Regime 1 (mid)  = [5, 9, 13, 17, 21]
  Regime 2 (deep) = [25, 29, 33, 35]
  L5 < L25:  P(PC0 hi > lo) = 0.060   P(|cos| hi > lo) = 1.000
  L5 < L29:  P(PC0 hi > lo) = 0.035   P(|cos| hi > lo) = 0.995
  L5 < L33:  P(PC0 hi > lo) = 0.035   P(|cos| hi > lo) = 0.880
  L5 < L35:  P(PC0 hi > lo) = 0.035   P(|cos| hi > lo) = 0.985
  L9 < L25:  P(PC0 hi > lo) = 0.220   P(|cos| hi > lo) = 1.000
  L9 < L29:  P(PC0 hi > lo) = 0.185   P(|cos| hi > lo) = 1.000
  L9 < L33:  P(PC0 hi > lo) = 0.175   P(|cos| hi > lo) = 1.000
  L9 < L35:  P(PC0 hi > lo) = 0.135   P(|cos| hi > lo) = 1.000
  L13 < L25:  P(PC0 hi > lo) = 0.200   P(|cos| hi > lo) = 1.000
  L13 < L29:  P(PC0 hi > lo) = 0.155   P(|cos| hi > lo) = 1.000
  L13 < L33:  P(PC0 hi > lo) = 0.145   P(|cos| hi > lo) = 1.000
  L13 < L35:  P(PC0 hi > lo) = 0.110   P(|cos| hi > lo) = 1.000
  L17 < L25:  P(PC0 hi > lo) = 0.265   P(|cos| hi > lo) = 1.000
  L17 < L29:  P(PC0 hi > lo) = 0.220   P(|cos| hi > lo) = 1.000
  L17 < L33:  P(PC0 hi > lo) = 0.190   P(|cos| hi > lo) = 1.000
  L17 < L35:  P(PC0 hi > lo) = 0.170   P(|cos| hi > lo) = 1.000
  L21 < L25:  P(PC0 hi > lo) = 0.415   P(|cos| hi > lo) = 1.000
  L21 < L29:  P(PC0 hi > lo) = 0.375   P(|cos| hi > lo) = 1.000
  L21 < L33:  P(PC0 hi > lo) = 0.350   P(|cos| hi > lo) = 1.000
  L21 < L35:  P(PC0 hi > lo) = 0.295   P(|cos| hi > lo) = 1.000

Headline (paired-draw): P(L25 PC0 > L13 PC0) = 0.200
Headline (paired-draw): P(L25 |cos| > L13 |cos|) = 1.000

✅ wrote Phase0.8/a3_results/rank1_bias_geometry_sbbench_bootstrap_full.json
